<?xml version="1.0"?>
<testsuites>
  <testsuite name="PhantomJS 1.9.7 (Mac OS X)" package="" timestamp="2014-06-13T21:03:21" id="0" hostname="argon" tests="4" errors="1" failures="4" time="0.011">
    <properties>
      <property name="browser.fullName" value="Mozilla/5.0 (Macintosh; Intel Mac OS X) AppleWebKit/534.34 (KHTML, like Gecko) PhantomJS/1.9.7 Safari/534.34"/>
    </properties>
    <testcase name="should attach a list of awesomeThings to the scope" time="0.007" classname="PhantomJS 1.9.7 (Mac OS X).Controller: AboutCtrl">
      <failure type="">Error: [$injector:modulerr] Failed to instantiate module mytodoApp due to:
Error: [$injector:modulerr] Failed to instantiate module ui.sortable due to:
Error: [$injector:nomod] Module &apos;ui.sortable&apos; is not available! You either misspelled the module name or forgot to load it. If registering a module ensure that you specify the dependencies as the second argument.
http://errors.angularjs.org/1.2.16/$injector/nomod?p0=ui.sortable
    at /Users/mak/WebstormProjects/mytodo/bower_components/angular/angular.js:1613
    at ensure (/Users/mak/WebstormProjects/mytodo/bower_components/angular/angular.js:1535)
    at module (/Users/mak/WebstormProjects/mytodo/bower_components/angular/angular.js:1823)
    at /Users/mak/WebstormProjects/mytodo/bower_components/angular/angular.js:3781
http://errors.angularjs.org/1.2.16/$injector/modulerr?p0=ui.sortable&amp;p1=Error%3A%20%5B%24injector%3Anomod%5D%20Module%20&apos;ui.sortable&apos;%20is%20not%20available!%20You%20either%20misspelled%20the%20module%20name%20or%20forgot%20to%20load%20it.%20If%20registering%20a%20module%20ensure%20that%20you%20specify%20the%20dependencies%20as%20the%20second%20argument.%0Ahttp%3A%2F%2Ferrors.angularjs.org%2F1.2.16%2F%24injector%2Fnomod%3Fp0%3Dui.sortable%0A%20%20%20%20at%20http%3A%2F%2Flocalhost%3A8080%2Fbase%2Fbower_components%2Fangular%2Fangular.js%3F7dcf1b25480258d399759429338cedc57239f2d1%3A1613%0A%20%20%20%20at%20ensure%20(http%3A%2F%2Flocalhost%3A8080%2Fbase%2Fbower_components%2Fangular%2Fangular.js%3F7dcf1b25480258d399759429338cedc57239f2d1%3A1535)%0A%20%20%20%20at%20module%20(http%3A%2F%2Flocalhost%3A8080%2Fbase%2Fbower_components%2Fangular%2Fangular.js%3F7dcf1b25480258d399759429338cedc57239f2d1%3A1823)%0A%20%20%20%20at%20http%3A%2F%2Flocalhost%3A8080%2Fbase%2Fbower_components%2Fangular%2Fangular.js%3F7dcf1b25480258d399759429338cedc57239f2d1%3A3781
    at /Users/mak/WebstormProjects/mytodo/bower_components/angular/angular.js:3810
http://errors.angularjs.org/1.2.16/$injector/modulerr?p0=mytodoApp&amp;p1=Error%3A%20%5B%24injector%3Amodulerr%5D%20Failed%20to%20instantiate%20module%20ui.sortable%20due%20to%3A%0AError%3A%20%5B%24injector%3Anomod%5D%20Module%20&apos;ui.sortable&apos;%20is%20not%20available!%20You%20either%20misspelled%20the%20module%20name%20or%20forgot%20to%20load%20it.%20If%20registering%20a%20module%20ensure%20that%20you%20specify%20the%20dependencies%20as%20the%20second%20argument.%0Ahttp%3A%2F%2Ferrors.angularjs.org%2F1.2.16%2F%24injector%2Fnomod%3Fp0%3Dui.sortable%0A%20%20%20%20at%20http%3A%2F%2Flocalhost%3A8080%2Fbase%2Fbower_components%2Fangular%2Fangular.js%3F7dcf1b25480258d399759429338cedc57239f2d1%3A1613%0A%20%20%20%20at%20ensure%20(http%3A%2F%2Flocalhost%3A8080%2Fbase%2Fbower_components%2Fangular%2Fangular.js%3F7dcf1b25480258d399759429338cedc57239f2d1%3A1535)%0A%20%20%20%20at%20module%20(http%3A%2F%2Flocalhost%3A8080%2Fbase%2Fbower_components%2Fangular%2Fangular.js%3F7dcf1b25480258d399759429338cedc57239f2d1%3A1823)%0A%20%20%20%20at%20http%3A%2F%2Flocalhost%3A8080%2Fbase%2Fbower_components%2Fangular%2Fangular.js%3F7dcf1b25480258d399759429338cedc57239f2d1%3A3781%0Ahttp%3A%2F%2Ferrors.angularjs.org%2F1.2.16%2F%24injector%2Fmodulerr%3Fp0%3Dui.sortable%26p1%3DError%253A%2520%255B%2524injector%253Anomod%255D%2520Module%2520&apos;ui.sortable&apos;%2520is%2520not%2520available!%2520You%2520either%2520misspelled%2520the%2520module%2520name%2520or%2520forgot%2520to%2520load%2520it.%2520If%2520registering%2520a%2520module%2520ensure%2520that%2520you%2520specify%2520the%2520dependencies%2520as%2520the%2520second%2520argument.%250Ahttp%253A%252F%252Ferrors.angularjs.org%252F1.2.16%252F%2524injector%252Fnomod%253Fp0%253Dui.sortable%250A%2520%2520%2520%2520at%2520http%253A%252F%252Flocalhost%253A8080%252Fbase%252Fbower_components%252Fangular%252Fangular.js%253F7dcf1b25480258d399759429338cedc57239f2d1%253A1613%250A%2520%2520%2520%2520at%2520ensure%2520(http%253A%252F%252Flocalhost%253A8080%252Fbase%252Fbower_components%252Fangular%252Fangular.js%253F7dcf1b25480258d399759429338cedc57239f2d1%253A1535)%250A%2520%2520%2520%2520at%2520module%2520(http%253A%252F%252Flocalhost%253A8080%252Fbase%252Fbower_components%252Fangular%252Fangular.js%253F7dcf1b25480258d399759429338cedc57239f2d1%253A1823)%250A%2520%2520%2520%2520at%2520http%253A%252F%252Flocalhost%253A8080%252Fbase%252Fbower_components%252Fangular%252Fangular.js%253F7dcf1b25480258d399759429338cedc57239f2d1%253A3781%0A%20%20%20%20at%20http%3A%2F%2Flocalhost%3A8080%2Fbase%2Fbower_components%2Fangular%2Fangular.js%3F7dcf1b25480258d399759429338cedc57239f2d1%3A3810
    at /Users/mak/WebstormProjects/mytodo/bower_components/angular/angular.js:3810
</failure>
      <failure type="">TypeError: &apos;undefined&apos; is not an object (evaluating &apos;scope.awesomeThings&apos;)
    at /Users/mak/WebstormProjects/mytodo/test/spec/controllers/about.js:20
</failure>
    </testcase>
    <testcase name="should have no items to start" time="0.002" classname="PhantomJS 1.9.7 (Mac OS X).Controller: MainCtrl">
      <failure type="">Error: [$injector:modulerr] Failed to instantiate module mytodoApp due to:
Error: [$injector:modulerr] Failed to instantiate module ui.sortable due to:
Error: [$injector:nomod] Module &apos;ui.sortable&apos; is not available! You either misspelled the module name or forgot to load it. If registering a module ensure that you specify the dependencies as the second argument.
http://errors.angularjs.org/1.2.16/$injector/nomod?p0=ui.sortable
    at /Users/mak/WebstormProjects/mytodo/bower_components/angular/angular.js:1613
    at ensure (/Users/mak/WebstormProjects/mytodo/bower_components/angular/angular.js:1535)
    at module (/Users/mak/WebstormProjects/mytodo/bower_components/angular/angular.js:1823)
    at /Users/mak/WebstormProjects/mytodo/bower_components/angular/angular.js:3781
http://errors.angularjs.org/1.2.16/$injector/modulerr?p0=ui.sortable&amp;p1=Error%3A%20%5B%24injector%3Anomod%5D%20Module%20&apos;ui.sortable&apos;%20is%20not%20available!%20You%20either%20misspelled%20the%20module%20name%20or%20forgot%20to%20load%20it.%20If%20registering%20a%20module%20ensure%20that%20you%20specify%20the%20dependencies%20as%20the%20second%20argument.%0Ahttp%3A%2F%2Ferrors.angularjs.org%2F1.2.16%2F%24injector%2Fnomod%3Fp0%3Dui.sortable%0A%20%20%20%20at%20http%3A%2F%2Flocalhost%3A8080%2Fbase%2Fbower_components%2Fangular%2Fangular.js%3F7dcf1b25480258d399759429338cedc57239f2d1%3A1613%0A%20%20%20%20at%20ensure%20(http%3A%2F%2Flocalhost%3A8080%2Fbase%2Fbower_components%2Fangular%2Fangular.js%3F7dcf1b25480258d399759429338cedc57239f2d1%3A1535)%0A%20%20%20%20at%20module%20(http%3A%2F%2Flocalhost%3A8080%2Fbase%2Fbower_components%2Fangular%2Fangular.js%3F7dcf1b25480258d399759429338cedc57239f2d1%3A1823)%0A%20%20%20%20at%20http%3A%2F%2Flocalhost%3A8080%2Fbase%2Fbower_components%2Fangular%2Fangular.js%3F7dcf1b25480258d399759429338cedc57239f2d1%3A3781
    at /Users/mak/WebstormProjects/mytodo/bower_components/angular/angular.js:3810
http://errors.angularjs.org/1.2.16/$injector/modulerr?p0=mytodoApp&amp;p1=Error%3A%20%5B%24injector%3Amodulerr%5D%20Failed%20to%20instantiate%20module%20ui.sortable%20due%20to%3A%0AError%3A%20%5B%24injector%3Anomod%5D%20Module%20&apos;ui.sortable&apos;%20is%20not%20available!%20You%20either%20misspelled%20the%20module%20name%20or%20forgot%20to%20load%20it.%20If%20registering%20a%20module%20ensure%20that%20you%20specify%20the%20dependencies%20as%20the%20second%20argument.%0Ahttp%3A%2F%2Ferrors.angularjs.org%2F1.2.16%2F%24injector%2Fnomod%3Fp0%3Dui.sortable%0A%20%20%20%20at%20http%3A%2F%2Flocalhost%3A8080%2Fbase%2Fbower_components%2Fangular%2Fangular.js%3F7dcf1b25480258d399759429338cedc57239f2d1%3A1613%0A%20%20%20%20at%20ensure%20(http%3A%2F%2Flocalhost%3A8080%2Fbase%2Fbower_components%2Fangular%2Fangular.js%3F7dcf1b25480258d399759429338cedc57239f2d1%3A1535)%0A%20%20%20%20at%20module%20(http%3A%2F%2Flocalhost%3A8080%2Fbase%2Fbower_components%2Fangular%2Fangular.js%3F7dcf1b25480258d399759429338cedc57239f2d1%3A1823)%0A%20%20%20%20at%20http%3A%2F%2Flocalhost%3A8080%2Fbase%2Fbower_components%2Fangular%2Fangular.js%3F7dcf1b25480258d399759429338cedc57239f2d1%3A3781%0Ahttp%3A%2F%2Ferrors.angularjs.org%2F1.2.16%2F%24injector%2Fmodulerr%3Fp0%3Dui.sortable%26p1%3DError%253A%2520%255B%2524injector%253Anomod%255D%2520Module%2520&apos;ui.sortable&apos;%2520is%2520not%2520available!%2520You%2520either%2520misspelled%2520the%2520module%2520name%2520or%2520forgot%2520to%2520load%2520it.%2520If%2520registering%2520a%2520module%2520ensure%2520that%2520you%2520specify%2520the%2520dependencies%2520as%2520the%2520second%2520argument.%250Ahttp%253A%252F%252Ferrors.angularjs.org%252F1.2.16%252F%2524injector%252Fnomod%253Fp0%253Dui.sortable%250A%2520%2520%2520%2520at%2520http%253A%252F%252Flocalhost%253A8080%252Fbase%252Fbower_components%252Fangular%252Fangular.js%253F7dcf1b25480258d399759429338cedc57239f2d1%253A1613%250A%2520%2520%2520%2520at%2520ensure%2520(http%253A%252F%252Flocalhost%253A8080%252Fbase%252Fbower_components%252Fangular%252Fangular.js%253F7dcf1b25480258d399759429338cedc57239f2d1%253A1535)%250A%2520%2520%2520%2520at%2520module%2520(http%253A%252F%252Flocalhost%253A8080%252Fbase%252Fbower_components%252Fangular%252Fangular.js%253F7dcf1b25480258d399759429338cedc57239f2d1%253A1823)%250A%2520%2520%2520%2520at%2520http%253A%252F%252Flocalhost%253A8080%252Fbase%252Fbower_components%252Fangular%252Fangular.js%253F7dcf1b25480258d399759429338cedc57239f2d1%253A3781%0A%20%20%20%20at%20http%3A%2F%2Flocalhost%3A8080%2Fbase%2Fbower_components%2Fangular%2Fangular.js%3F7dcf1b25480258d399759429338cedc57239f2d1%3A3810
    at /Users/mak/WebstormProjects/mytodo/bower_components/angular/angular.js:3810
</failure>
      <failure type="">TypeError: &apos;undefined&apos; is not an object (evaluating &apos;scope.todos&apos;)
    at /Users/mak/WebstormProjects/mytodo/test/spec/controllers/main.js:20
</failure>
    </testcase>
    <testcase name="should add items to the list" time="0.001" classname="PhantomJS 1.9.7 (Mac OS X).Controller: MainCtrl">
      <failure type="">Error: [$injector:modulerr] Failed to instantiate module mytodoApp due to:
Error: [$injector:modulerr] Failed to instantiate module ui.sortable due to:
Error: [$injector:nomod] Module &apos;ui.sortable&apos; is not available! You either misspelled the module name or forgot to load it. If registering a module ensure that you specify the dependencies as the second argument.
http://errors.angularjs.org/1.2.16/$injector/nomod?p0=ui.sortable
    at /Users/mak/WebstormProjects/mytodo/bower_components/angular/angular.js:1613
    at ensure (/Users/mak/WebstormProjects/mytodo/bower_components/angular/angular.js:1535)
    at module (/Users/mak/WebstormProjects/mytodo/bower_components/angular/angular.js:1823)
    at /Users/mak/WebstormProjects/mytodo/bower_components/angular/angular.js:3781
http://errors.angularjs.org/1.2.16/$injector/modulerr?p0=ui.sortable&amp;p1=Error%3A%20%5B%24injector%3Anomod%5D%20Module%20&apos;ui.sortable&apos;%20is%20not%20available!%20You%20either%20misspelled%20the%20module%20name%20or%20forgot%20to%20load%20it.%20If%20registering%20a%20module%20ensure%20that%20you%20specify%20the%20dependencies%20as%20the%20second%20argument.%0Ahttp%3A%2F%2Ferrors.angularjs.org%2F1.2.16%2F%24injector%2Fnomod%3Fp0%3Dui.sortable%0A%20%20%20%20at%20http%3A%2F%2Flocalhost%3A8080%2Fbase%2Fbower_components%2Fangular%2Fangular.js%3F7dcf1b25480258d399759429338cedc57239f2d1%3A1613%0A%20%20%20%20at%20ensure%20(http%3A%2F%2Flocalhost%3A8080%2Fbase%2Fbower_components%2Fangular%2Fangular.js%3F7dcf1b25480258d399759429338cedc57239f2d1%3A1535)%0A%20%20%20%20at%20module%20(http%3A%2F%2Flocalhost%3A8080%2Fbase%2Fbower_components%2Fangular%2Fangular.js%3F7dcf1b25480258d399759429338cedc57239f2d1%3A1823)%0A%20%20%20%20at%20http%3A%2F%2Flocalhost%3A8080%2Fbase%2Fbower_components%2Fangular%2Fangular.js%3F7dcf1b25480258d399759429338cedc57239f2d1%3A3781
    at /Users/mak/WebstormProjects/mytodo/bower_components/angular/angular.js:3810
http://errors.angularjs.org/1.2.16/$injector/modulerr?p0=mytodoApp&amp;p1=Error%3A%20%5B%24injector%3Amodulerr%5D%20Failed%20to%20instantiate%20module%20ui.sortable%20due%20to%3A%0AError%3A%20%5B%24injector%3Anomod%5D%20Module%20&apos;ui.sortable&apos;%20is%20not%20available!%20You%20either%20misspelled%20the%20module%20name%20or%20forgot%20to%20load%20it.%20If%20registering%20a%20module%20ensure%20that%20you%20specify%20the%20dependencies%20as%20the%20second%20argument.%0Ahttp%3A%2F%2Ferrors.angularjs.org%2F1.2.16%2F%24injector%2Fnomod%3Fp0%3Dui.sortable%0A%20%20%20%20at%20http%3A%2F%2Flocalhost%3A8080%2Fbase%2Fbower_components%2Fangular%2Fangular.js%3F7dcf1b25480258d399759429338cedc57239f2d1%3A1613%0A%20%20%20%20at%20ensure%20(http%3A%2F%2Flocalhost%3A8080%2Fbase%2Fbower_components%2Fangular%2Fangular.js%3F7dcf1b25480258d399759429338cedc57239f2d1%3A1535)%0A%20%20%20%20at%20module%20(http%3A%2F%2Flocalhost%3A8080%2Fbase%2Fbower_components%2Fangular%2Fangular.js%3F7dcf1b25480258d399759429338cedc57239f2d1%3A1823)%0A%20%20%20%20at%20http%3A%2F%2Flocalhost%3A8080%2Fbase%2Fbower_components%2Fangular%2Fangular.js%3F7dcf1b25480258d399759429338cedc57239f2d1%3A3781%0Ahttp%3A%2F%2Ferrors.angularjs.org%2F1.2.16%2F%24injector%2Fmodulerr%3Fp0%3Dui.sortable%26p1%3DError%253A%2520%255B%2524injector%253Anomod%255D%2520Module%2520&apos;ui.sortable&apos;%2520is%2520not%2520available!%2520You%2520either%2520misspelled%2520the%2520module%2520name%2520or%2520forgot%2520to%2520load%2520it.%2520If%2520registering%2520a%2520module%2520ensure%2520that%2520you%2520specify%2520the%2520dependencies%2520as%2520the%2520second%2520argument.%250Ahttp%253A%252F%252Ferrors.angularjs.org%252F1.2.16%252F%2524injector%252Fnomod%253Fp0%253Dui.sortable%250A%2520%2520%2520%2520at%2520http%253A%252F%252Flocalhost%253A8080%252Fbase%252Fbower_components%252Fangular%252Fangular.js%253F7dcf1b25480258d399759429338cedc57239f2d1%253A1613%250A%2520%2520%2520%2520at%2520ensure%2520(http%253A%252F%252Flocalhost%253A8080%252Fbase%252Fbower_components%252Fangular%252Fangular.js%253F7dcf1b25480258d399759429338cedc57239f2d1%253A1535)%250A%2520%2520%2520%2520at%2520module%2520(http%253A%252F%252Flocalhost%253A8080%252Fbase%252Fbower_components%252Fangular%252Fangular.js%253F7dcf1b25480258d399759429338cedc57239f2d1%253A1823)%250A%2520%2520%2520%2520at%2520http%253A%252F%252Flocalhost%253A8080%252Fbase%252Fbower_components%252Fangular%252Fangular.js%253F7dcf1b25480258d399759429338cedc57239f2d1%253A3781%0A%20%20%20%20at%20http%3A%2F%2Flocalhost%3A8080%2Fbase%2Fbower_components%2Fangular%2Fangular.js%3F7dcf1b25480258d399759429338cedc57239f2d1%3A3810
    at /Users/mak/WebstormProjects/mytodo/bower_components/angular/angular.js:3810
</failure>
      <failure type="">TypeError: &apos;undefined&apos; is not an object (evaluating &apos;scope.todo = &apos;Test 1&apos;&apos;)
    at /Users/mak/WebstormProjects/mytodo/test/spec/controllers/main.js:24
</failure>
    </testcase>
    <testcase name="should add items to the list" time="0.001" classname="PhantomJS 1.9.7 (Mac OS X).Controller: MainCtrl">
      <failure type="">Error: [$injector:modulerr] Failed to instantiate module mytodoApp due to:
Error: [$injector:modulerr] Failed to instantiate module ui.sortable due to:
Error: [$injector:nomod] Module &apos;ui.sortable&apos; is not available! You either misspelled the module name or forgot to load it. If registering a module ensure that you specify the dependencies as the second argument.
http://errors.angularjs.org/1.2.16/$injector/nomod?p0=ui.sortable
    at /Users/mak/WebstormProjects/mytodo/bower_components/angular/angular.js:1613
    at ensure (/Users/mak/WebstormProjects/mytodo/bower_components/angular/angular.js:1535)
    at module (/Users/mak/WebstormProjects/mytodo/bower_components/angular/angular.js:1823)
    at /Users/mak/WebstormProjects/mytodo/bower_components/angular/angular.js:3781
http://errors.angularjs.org/1.2.16/$injector/modulerr?p0=ui.sortable&amp;p1=Error%3A%20%5B%24injector%3Anomod%5D%20Module%20&apos;ui.sortable&apos;%20is%20not%20available!%20You%20either%20misspelled%20the%20module%20name%20or%20forgot%20to%20load%20it.%20If%20registering%20a%20module%20ensure%20that%20you%20specify%20the%20dependencies%20as%20the%20second%20argument.%0Ahttp%3A%2F%2Ferrors.angularjs.org%2F1.2.16%2F%24injector%2Fnomod%3Fp0%3Dui.sortable%0A%20%20%20%20at%20http%3A%2F%2Flocalhost%3A8080%2Fbase%2Fbower_components%2Fangular%2Fangular.js%3F7dcf1b25480258d399759429338cedc57239f2d1%3A1613%0A%20%20%20%20at%20ensure%20(http%3A%2F%2Flocalhost%3A8080%2Fbase%2Fbower_components%2Fangular%2Fangular.js%3F7dcf1b25480258d399759429338cedc57239f2d1%3A1535)%0A%20%20%20%20at%20module%20(http%3A%2F%2Flocalhost%3A8080%2Fbase%2Fbower_components%2Fangular%2Fangular.js%3F7dcf1b25480258d399759429338cedc57239f2d1%3A1823)%0A%20%20%20%20at%20http%3A%2F%2Flocalhost%3A8080%2Fbase%2Fbower_components%2Fangular%2Fangular.js%3F7dcf1b25480258d399759429338cedc57239f2d1%3A3781
    at /Users/mak/WebstormProjects/mytodo/bower_components/angular/angular.js:3810
http://errors.angularjs.org/1.2.16/$injector/modulerr?p0=mytodoApp&amp;p1=Error%3A%20%5B%24injector%3Amodulerr%5D%20Failed%20to%20instantiate%20module%20ui.sortable%20due%20to%3A%0AError%3A%20%5B%24injector%3Anomod%5D%20Module%20&apos;ui.sortable&apos;%20is%20not%20available!%20You%20either%20misspelled%20the%20module%20name%20or%20forgot%20to%20load%20it.%20If%20registering%20a%20module%20ensure%20that%20you%20specify%20the%20dependencies%20as%20the%20second%20argument.%0Ahttp%3A%2F%2Ferrors.angularjs.org%2F1.2.16%2F%24injector%2Fnomod%3Fp0%3Dui.sortable%0A%20%20%20%20at%20http%3A%2F%2Flocalhost%3A8080%2Fbase%2Fbower_components%2Fangular%2Fangular.js%3F7dcf1b25480258d399759429338cedc57239f2d1%3A1613%0A%20%20%20%20at%20ensure%20(http%3A%2F%2Flocalhost%3A8080%2Fbase%2Fbower_components%2Fangular%2Fangular.js%3F7dcf1b25480258d399759429338cedc57239f2d1%3A1535)%0A%20%20%20%20at%20module%20(http%3A%2F%2Flocalhost%3A8080%2Fbase%2Fbower_components%2Fangular%2Fangular.js%3F7dcf1b25480258d399759429338cedc57239f2d1%3A1823)%0A%20%20%20%20at%20http%3A%2F%2Flocalhost%3A8080%2Fbase%2Fbower_components%2Fangular%2Fangular.js%3F7dcf1b25480258d399759429338cedc57239f2d1%3A3781%0Ahttp%3A%2F%2Ferrors.angularjs.org%2F1.2.16%2F%24injector%2Fmodulerr%3Fp0%3Dui.sortable%26p1%3DError%253A%2520%255B%2524injector%253Anomod%255D%2520Module%2520&apos;ui.sortable&apos;%2520is%2520not%2520available!%2520You%2520either%2520misspelled%2520the%2520module%2520name%2520or%2520forgot%2520to%2520load%2520it.%2520If%2520registering%2520a%2520module%2520ensure%2520that%2520you%2520specify%2520the%2520dependencies%2520as%2520the%2520second%2520argument.%250Ahttp%253A%252F%252Ferrors.angularjs.org%252F1.2.16%252F%2524injector%252Fnomod%253Fp0%253Dui.sortable%250A%2520%2520%2520%2520at%2520http%253A%252F%252Flocalhost%253A8080%252Fbase%252Fbower_components%252Fangular%252Fangular.js%253F7dcf1b25480258d399759429338cedc57239f2d1%253A1613%250A%2520%2520%2520%2520at%2520ensure%2520(http%253A%252F%252Flocalhost%253A8080%252Fbase%252Fbower_components%252Fangular%252Fangular.js%253F7dcf1b25480258d399759429338cedc57239f2d1%253A1535)%250A%2520%2520%2520%2520at%2520module%2520(http%253A%252F%252Flocalhost%253A8080%252Fbase%252Fbower_components%252Fangular%252Fangular.js%253F7dcf1b25480258d399759429338cedc57239f2d1%253A1823)%250A%2520%2520%2520%2520at%2520http%253A%252F%252Flocalhost%253A8080%252Fbase%252Fbower_components%252Fangular%252Fangular.js%253F7dcf1b25480258d399759429338cedc57239f2d1%253A3781%0A%20%20%20%20at%20http%3A%2F%2Flocalhost%3A8080%2Fbase%2Fbower_components%2Fangular%2Fangular.js%3F7dcf1b25480258d399759429338cedc57239f2d1%3A3810
    at /Users/mak/WebstormProjects/mytodo/bower_components/angular/angular.js:3810
</failure>
      <failure type="">TypeError: &apos;undefined&apos; is not an object (evaluating &apos;scope.todo = &apos;Test 1&apos;&apos;)
    at /Users/mak/WebstormProjects/mytodo/test/spec/controllers/main.js:30
</failure>
    </testcase>
    <system-out><![CDATA[
]]></system-out>
    <system-err/>
  </testsuite>
</testsuites>
